
aaaaoayabtthghkhd
thrzsshsdtthaagh
fkklmnhoy
0123456789
w-u-ytttthbttpth
bh-hhnydyhchcchdddddtdhddhdd
drrrrrrrrjrssssst
ghfffvfphqqkkkkngkg
gngggllllnnnnnhch
hyhhwoeoeuyuyuwvyyyw
yy-ae

0123456789shdghmh



