dollar-percent-and-plus
0123456789
at-abcdefghijklmno
pqrstuvwxyz
abcdefghijklmno
pqrstuvwxyz
akr-currency-ilss-segtz
degar-ilvsegtngzng
aaaaaeaaeiceeeeiii
dnokoooexouuuueuuss
aaaaaeaaeiceeeeiii
dnokoooeouuuueuu