dollar-percent-and
0123456789
at-abcdefghijklmno
pqrstuvwxyz
abcdefghijklmno
pqrstuvwxyz
cent-pound-currency-yen-ss-c-a-r
deg-23-up1o-141234
aaaaaeaaeceeeeiiii
dnoooooexouuuueythss
aaaaaeaaeceeeeiiii
dnoooooeouuuueythy