thrzsshsdtthaagh-5-euros-99-cents
thrzsshsdtthaagh-5-pounds-99-pence
bgdhvzkhtykklmmn-5-dollars-99-cents
ri-yi-guo-hui-ren-nian-da-shi-er-ben-zhong-chang-chu-san-tong-5990-yen
5-euros-99-cents-ri-yi-guo-hui-ren-nian-da-shi-5-dollars-99-cents
bgdh-at-dtthaaghcom
nian-da-shi-at-dtthaagh
bgdh-and-nian-da-shi
guo-and-m-at-dtthaaghhvz
my-username-is-at-bgdh
the-review-gave-5-to-thaagh
use-nian-da-shi-at-dtthaaghhvz-to-get-a-10-percent-discount
ri-equal-ht2
kklm-guo-hui-gh-981-ms2
the-hui-comment-at-at-bgdh-equal-10-percent-of-and