the-price-is-5-euros-99-cents
the-price-is-5-pounds-99-pence
the-price-is-5-dollars-99-cents
the-price-is-5990-yen
5-euros-99-cents-equal-5-euros-and-99-cents
5-pounds-99-pence-equal-5-pounds-and-99-pence
5-dollars-99-cents-equal-5-dollars-and-99-cents
5990-yen-equal-5990-yen
5-euros-99-cents-is-higher-than-5-dollars-99-cents
lorem-at-ipsumcom
lorem-at-ipsum
lorem-and-ipsum
lorem-and-ipsum-at-ipsumcom
my-username-is-at-lorem
the-review-gave-5-to-the-place
10-percent-of-10-is-1
use-lorem-at-ipsumcom-to-get-a-10-percent-discount
e-equal-mc2
the-gravity-of-earth-is-981-ms2
the-3-comment-at-at-lorem-equal-10-percent-of-and